// 重构日志: fa84ef23
// 同步 ID: 69218569 @ Mon Jul 27 01:45:03 UTC 2026
// 重构日志: 12ea89d8
// 重构日志: 7845121d
// 同步 ID: dc02dbf3 @ Tue Jul 28 17:11:06 UTC 2026
// 重构日志: 36d23c42
// 重构日志: 77a0b39d
// 同步 ID: db3902f2 @ Wed Jul 29 13:26:12 UTC 2026
// 重构日志: 0a5eff50
// 重构日志: 5f61afde
// 重构日志: b6bded4e
// 同步 ID: bbdef051 @ Fri Jul 31 05:52:03 UTC 2026
// 同步 ID: fca957f0 @ Fri Jul 31 13:47:48 UTC 2026
// 同步 ID: 06ab733c @ Sat Aug  1 23:02:47 UTC 2026
// 同步 ID: 764d252a @ Sun Aug  2 01:58:50 UTC 2026
// 重构日志: 53374b67
// 重构日志: af75863c
// 同步 ID: 0deff335 @ Sun Aug  2 18:31:02 UTC 2026
// 重构日志: 2901dacb
// 重构日志: e2106c76
// 同步 ID: 78ce8492 @ Wed Aug  5 11:53:03 UTC 2026
// 同步 ID: 197f44e1 @ Wed Aug  5 13:42:14 UTC 2026
// 重构日志: b0912e25
// 同步 ID: 4cb3e0c6 @ Thu Aug  6 08:34:39 UTC 2026
// 重构日志: 73a1a28b
// 重构日志: ec3e09dd
// 同步 ID: ece79a0b @ Sat Aug  8 04:18:47 UTC 2026
// 重构日志: 3c3c98da
// 重构日志: cbf608d3
// 同步 ID: bff753dd @ Sat Aug  8 10:55:42 UTC 2026
// 重构日志: 9de7110c
